\BOOKMARK [1][]{section.1}{\376\377\0001\000\040\000\300\000\040\000p\000r\000o\000p\000o\000s\000\040\000d\000e\000\040\000c\000e\000\040\000m\000a\000n\000u\000e\000l}{}% 1
\BOOKMARK [2][]{subsection.1.1}{\376\377\0001\000.\0001\000\040\000P\000u\000b\000l\000i\000c\000\040\000c\000i\000b\000l\000e}{section.1}% 2
\BOOKMARK [2][]{subsection.1.2}{\376\377\0001\000.\0002\000\040\000P\000r\000\351\000-\000r\000e\000q\000u\000i\000s\000\040\000d\000e\000\040\000l\000e\000c\000t\000u\000r\000e}{section.1}% 3
\BOOKMARK [2][]{subsection.1.3}{\376\377\0001\000.\0003\000\040\000C\000o\000n\000v\000e\000n\000t\000i\000o\000n\000s\000\040\000t\000y\000p\000o\000g\000r\000a\000p\000h\000i\000q\000u\000e\000s}{section.1}% 4
\BOOKMARK [1][]{section.2}{\376\377\0002\000\040\000P\000r\000\351\000s\000e\000n\000t\000a\000t\000i\000o\000n\000\040\000d\000e\000\040\000K\000e\000s\000h}{}% 5
\BOOKMARK [2][]{subsection.2.1}{\376\377\0002\000.\0001\000\040\000O\000b\000j\000e\000c\000t\000i\000f\000\040\000d\000u\000\040\000l\000o\000g\000i\000c\000i\000e\000l}{section.2}% 6
\BOOKMARK [2][]{subsection.2.2}{\376\377\0002\000.\0002\000\040\000P\000u\000b\000l\000i\000c\000\040\000c\000i\000b\000l\000e\000\040\000d\000u\000\040\000p\000r\000o\000d\000u\000i\000t}{section.2}% 7
\BOOKMARK [2][]{subsection.2.3}{\376\377\0002\000.\0003\000\040\000A\000r\000c\000h\000i\000t\000e\000c\000t\000u\000r\000e\000\040\000t\000e\000c\000h\000n\000i\000q\000u\000e\000\040\000h\000a\000u\000t\000e}{section.2}% 8
\BOOKMARK [2][]{subsection.2.4}{\376\377\0002\000.\0004\000\040\000L\000i\000c\000e\000n\000c\000e}{section.2}% 9
\BOOKMARK [1][]{section.3}{\376\377\0003\000\040\000P\000r\000\351\000r\000e\000q\000u\000i\000s\000\040\000s\000y\000s\000t\000\350\000m\000e}{}% 10
\BOOKMARK [2][]{subsection.3.1}{\376\377\0003\000.\0001\000\040\000S\000y\000s\000t\000\350\000m\000e\000\040\000d\000'\000e\000x\000p\000l\000o\000i\000t\000a\000t\000i\000o\000n}{section.3}% 11
\BOOKMARK [2][]{subsection.3.2}{\376\377\0003\000.\0002\000\040\000L\000o\000g\000i\000c\000i\000e\000l\000s\000\040\000r\000e\000q\000u\000i\000s}{section.3}% 12
\BOOKMARK [2][]{subsection.3.3}{\376\377\0003\000.\0003\000\040\000R\000e\000s\000s\000o\000u\000r\000c\000e\000s\000\040\000m\000a\000t\000\351\000r\000i\000e\000l\000l\000e\000s\000\040\000m\000i\000n\000i\000m\000a\000l\000e\000s}{section.3}% 13
\BOOKMARK [2][]{subsection.3.4}{\376\377\0003\000.\0004\000\040\000P\000o\000r\000t\000s\000\040\000r\000\351\000s\000e\000a\000u}{section.3}% 14
\BOOKMARK [3][]{subsubsection.3.4.1}{\376\377\0003\000.\0004\000.\0001\000\040\000C\000h\000a\000n\000g\000e\000r\000\040\000l\000e\000\040\000p\000o\000r\000t\000\040\000d\000'\000\351\000c\000o\000u\000t\000e\000\040\000\050\000c\000o\000n\000f\000l\000i\000t\000\040\000p\000o\000r\000t\000\040\0008\0000\000,\000\040\000e\000x\000.\000\040\000S\000y\000n\000o\000l\000o\000g\000y\000\040\000D\000S\000M\000\040\000W\000e\000b\000\040\000S\000t\000a\000t\000i\000o\000n\000\051}{subsection.3.4}% 15
\BOOKMARK [1][]{section.4}{\376\377\0004\000\040\000I\000n\000s\000t\000a\000l\000l\000a\000t\000i\000o\000n}{}% 16
\BOOKMARK [2][]{subsection.4.1}{\376\377\0004\000.\0001\000\040\000M\000\351\000t\000h\000o\000d\000e\000\040\000r\000e\000c\000o\000m\000m\000a\000n\000d\000\351\000e\000\040\000:\000\040\000D\000o\000c\000k\000e\000r\000\040\000C\000o\000m\000p\000o\000s\000e}{section.4}% 17
\BOOKMARK [3][]{subsubsection.4.1.1}{\376\377\0004\000.\0001\000.\0001\000\040\000\311\000t\000a\000p\000e\000\040\0001\000\040\040\024\000\040\000P\000r\000\351\000p\000a\000r\000e\000r\000\040\000l\000'\000e\000n\000v\000i\000r\000o\000n\000n\000e\000m\000e\000n\000t}{subsection.4.1}% 18
\BOOKMARK [3][]{subsubsection.4.1.2}{\376\377\0004\000.\0001\000.\0002\000\040\000\311\000t\000a\000p\000e\000\040\0002\000\040\040\024\000\040\000R\000\351\000c\000u\000p\000\351\000r\000e\000r\000\040\000l\000e\000\040\000d\000o\000c\000k\000e\000r\000-\000c\000o\000m\000p\000o\000s\000e\000.\000y\000m\000l}{subsection.4.1}% 19
\BOOKMARK [3][]{subsubsection.4.1.3}{\376\377\0004\000.\0001\000.\0003\000\040\000\311\000t\000a\000p\000e\000\040\0003\000\040\040\024\000\040\000C\000r\000\351\000e\000r\000\040\000l\000e\000\040\000f\000i\000c\000h\000i\000e\000r\000\040\000.\000e\000n\000v}{subsection.4.1}% 20
\BOOKMARK [3][]{subsubsection.4.1.4}{\376\377\0004\000.\0001\000.\0004\000\040\000\311\000t\000a\000p\000e\000\040\0004\000\040\040\024\000\040\000D\000\351\000m\000a\000r\000r\000e\000r\000\040\000l\000e\000s\000\040\000s\000e\000r\000v\000i\000c\000e\000s}{subsection.4.1}% 21
\BOOKMARK [3][]{subsubsection.4.1.5}{\376\377\0004\000.\0001\000.\0005\000\040\000\311\000t\000a\000p\000e\000\040\0005\000\040\040\024\000\040\000V\000\351\000r\000i\000f\000i\000e\000r\000\040\000l\000'\000i\000n\000s\000t\000a\000l\000l\000a\000t\000i\000o\000n}{subsection.4.1}% 22
\BOOKMARK [2][]{subsection.4.2}{\376\377\0004\000.\0002\000\040\000C\000o\000n\000f\000i\000g\000u\000r\000a\000t\000i\000o\000n\000\040\000d\000u\000\040\000r\000e\000v\000e\000r\000s\000e\000\040\000p\000r\000o\000x\000y\000\040\000H\000T\000T\000P\000S}{section.4}% 23
\BOOKMARK [2][]{subsection.4.3}{\376\377\0004\000.\0003\000\040\000A\000l\000t\000e\000r\000n\000a\000t\000i\000v\000e\000\040\000:\000\040\000d\000\351\000p\000l\000o\000i\000e\000m\000e\000n\000t\000\040\000v\000i\000a\000\040\000C\000a\000d\000d\000y}{section.4}% 24
\BOOKMARK [2][]{subsection.4.4}{\376\377\0004\000.\0004\000\040\000A\000l\000t\000e\000r\000n\000a\000t\000i\000v\000e\000\040\000:\000\040\000d\000\351\000p\000l\000o\000i\000e\000m\000e\000n\000t\000\040\000v\000i\000a\000\040\000T\000r\000a\000e\000f\000i\000k\000\040\000\050\000a\000v\000e\000c\000\040\000f\000i\000r\000e\000w\000a\000l\000l\000\040\000a\000p\000p\000l\000i\000c\000a\000t\000i\000f\000\051}{section.4}% 25
\BOOKMARK [3][]{subsubsection.4.4.1}{\376\377\0004\000.\0004\000.\0001\000\040\000C\000o\000m\000p\000o\000s\000e\000\040\000T\000r\000a\000e\000f\000i\000k\000\040\000e\000n\000\040\000s\000i\000d\000e\000c\000a\000r}{subsection.4.4}% 26
\BOOKMARK [3][]{subsubsection.4.4.2}{\376\377\0004\000.\0004\000.\0002\000\040\000M\000i\000d\000d\000l\000e\000w\000a\000r\000e\000s\000\040\000f\000i\000r\000e\000w\000a\000l\000l\000\040\000a\000p\000p\000l\000i\000c\000a\000t\000i\000f}{subsection.4.4}% 27
\BOOKMARK [3][]{subsubsection.4.4.3}{\376\377\0004\000.\0004\000.\0003\000\040\000P\000l\000u\000g\000i\000n\000s\000\040\000W\000A\000F\000\040\000a\000v\000a\000n\000c\000\351\000s\000\040\000\050\000o\000p\000t\000i\000o\000n\000n\000e\000l\000,\000\040\000r\000e\000c\000o\000m\000m\000a\000n\000d\000\351\000\040\000I\000n\000t\000e\000r\000n\000e\000t\000-\000e\000x\000p\000o\000s\000e\000d\000\051}{subsection.4.4}% 28
\BOOKMARK [3][]{subsubsection.4.4.4}{\376\377\0004\000.\0004\000.\0004\000\040\000C\000o\000n\000s\000i\000d\000\351\000r\000a\000t\000i\000o\000n\000s\000\040\000s\000\351\000c\000u\000r\000i\000t\000\351\000\040\000s\000p\000\351\000c\000i\000f\000i\000q\000u\000e\000s}{subsection.4.4}% 29
\BOOKMARK [2][]{subsection.4.5}{\376\377\0004\000.\0005\000\040\000A\000l\000t\000e\000r\000n\000a\000t\000i\000v\000e\000\040\000:\000\040\000d\000\351\000p\000l\000o\000i\000e\000m\000e\000n\000t\000\040\000s\000u\000r\000\040\000S\000y\000n\000o\000l\000o\000g\000y\000\040\000D\000S\000M}{section.4}% 30
\BOOKMARK [3][]{subsubsection.4.5.1}{\376\377\0004\000.\0005\000.\0001\000\040\000P\000r\000\351\000r\000e\000q\000u\000i\000s\000\040\000S\000y\000n\000o\000l\000o\000g\000y\000\040\000D\000S\000M}{subsection.4.5}% 31
\BOOKMARK [3][]{subsubsection.4.5.2}{\376\377\0004\000.\0005\000.\0002\000\040\000\311\000t\000a\000p\000e\000\040\0001\000\040\040\024\000\040\000P\000r\000\351\000p\000a\000r\000e\000r\000\040\000l\000a\000\040\000s\000t\000r\000u\000c\000t\000u\000r\000e\000\040\000d\000e\000\040\000r\000\351\000p\000e\000r\000t\000o\000i\000r\000e\000s}{subsection.4.5}% 32
\BOOKMARK [3][]{subsubsection.4.5.3}{\376\377\0004\000.\0005\000.\0003\000\040\000\311\000t\000a\000p\000e\000\040\0002\000\040\040\024\000\040\000R\000\351\000c\000u\000p\000\351\000r\000e\000r\000\040\000d\000o\000c\000k\000e\000r\000-\000c\000o\000m\000p\000o\000s\000e\000.\000y\000m\000l\000\040\000e\000t\000\040\000.\000e\000n\000v}{subsection.4.5}% 33
\BOOKMARK [3][]{subsubsection.4.5.4}{\376\377\0004\000.\0005\000.\0004\000\040\000\311\000t\000a\000p\000e\000\040\0003\000\040\040\024\000\040\000I\000m\000p\000o\000r\000t\000e\000r\000\040\000l\000e\000\040\000p\000r\000o\000j\000e\000t\000\040\000d\000a\000n\000s\000\040\000C\000o\000n\000t\000a\000i\000n\000e\000r\000\040\000M\000a\000n\000a\000g\000e\000r}{subsection.4.5}% 34
\BOOKMARK [3][]{subsubsection.4.5.5}{\376\377\0004\000.\0005\000.\0005\000\040\000\311\000t\000a\000p\000e\000\040\0004\000\040\040\024\000\040\000C\000o\000n\000f\000i\000g\000u\000r\000e\000r\000\040\000l\000e\000\040\000r\000e\000v\000e\000r\000s\000e\000\040\000p\000r\000o\000x\000y\000\040\000D\000S\000M\000\040\000\050\000A\000p\000p\000l\000i\000c\000a\000t\000i\000o\000n\000\040\000P\000o\000r\000t\000a\000l\000\051}{subsection.4.5}% 35
\BOOKMARK [3][]{subsubsection.4.5.6}{\376\377\0004\000.\0005\000.\0006\000\040\000\311\000t\000a\000p\000e\000\040\0005\000\040\040\024\000\040\000V\000\351\000r\000i\000f\000i\000c\000a\000t\000i\000o\000n\000\040\000p\000o\000s\000t\000-\000i\000n\000s\000t\000a\000l\000l\000a\000t\000i\000o\000n}{subsection.4.5}% 36
\BOOKMARK [3][]{subsubsection.4.5.7}{\376\377\0004\000.\0005\000.\0007\000\040\000L\000i\000m\000i\000t\000a\000t\000i\000o\000n\000s\000\040\000C\000o\000n\000t\000a\000i\000n\000e\000r\000\040\000M\000a\000n\000a\000g\000e\000r\000\040\000D\000S\000M}{subsection.4.5}% 37
\BOOKMARK [1][]{section.5}{\376\377\0005\000\040\000C\000o\000n\000f\000i\000g\000u\000r\000a\000t\000i\000o\000n}{}% 38
\BOOKMARK [2][]{subsection.5.1}{\376\377\0005\000.\0001\000\040\000V\000a\000r\000i\000a\000b\000l\000e\000s\000\040\000d\000'\000e\000n\000v\000i\000r\000o\000n\000n\000e\000m\000e\000n\000t\000\040\000c\000o\000m\000p\000l\000\350\000t\000e\000s}{section.5}% 39
\BOOKMARK [3][]{subsubsection.5.1.1}{\376\377\0005\000.\0001\000.\0001\000\040\000V\000a\000r\000i\000a\000b\000l\000e\000s\000\040\000o\000b\000l\000i\000g\000a\000t\000o\000i\000r\000e\000s}{subsection.5.1}% 40
\BOOKMARK [3][]{subsubsection.5.1.2}{\376\377\0005\000.\0001\000.\0002\000\040\000V\000a\000r\000i\000a\000b\000l\000e\000s\000\040\000o\000p\000t\000i\000o\000n\000n\000e\000l\000l\000e\000s\000\040\000a\000v\000e\000c\000\040\000v\000a\000l\000e\000u\000r\000s\000\040\000p\000a\000r\000\040\000d\000\351\000f\000a\000u\000t}{subsection.5.1}% 41
\BOOKMARK [3][]{subsubsection.5.1.3}{\376\377\0005\000.\0001\000.\0003\000\040\000V\000a\000r\000i\000a\000b\000l\000e\000s\000\040\000l\000i\000\351\000e\000s\000\040\000a\000u\000\040\000m\000o\000n\000i\000t\000o\000r\000i\000n\000g\000\040\000\050\000o\000p\000t\000i\000o\000n\000n\000e\000l\000l\000e\000s\000\051}{subsection.5.1}% 42
\BOOKMARK [2][]{subsection.5.2}{\376\377\0005\000.\0002\000\040\000C\000o\000n\000f\000i\000g\000u\000r\000a\000t\000i\000o\000n\000\040\000d\000e\000s\000\040\000l\000o\000g\000s\000\040\000f\000i\000c\000h\000i\000e\000r}{section.5}% 43
\BOOKMARK [2][]{subsection.5.3}{\376\377\0005\000.\0003\000\040\000C\000o\000n\000f\000i\000g\000u\000r\000a\000t\000i\000o\000n\000\040\000M\000a\000r\000i\000a\000D\000B}{section.5}% 44
\BOOKMARK [3][]{subsubsection.5.3.1}{\376\377\0005\000.\0003\000.\0001\000\040\000P\000a\000r\000a\000m\000\350\000t\000r\000e\000s\000\040\000r\000e\000c\000o\000m\000m\000a\000n\000d\000\351\000s}{subsection.5.3}% 45
\BOOKMARK [3][]{subsubsection.5.3.2}{\376\377\0005\000.\0003\000.\0002\000\040\000I\000n\000i\000t\000i\000a\000l\000i\000s\000a\000t\000i\000o\000n\000\040\000m\000a\000n\000u\000e\000l\000l\000e\000\040\000d\000e\000\040\000l\000a\000\040\000b\000a\000s\000e}{subsection.5.3}% 46
\BOOKMARK [2][]{subsection.5.4}{\376\377\0005\000.\0004\000\040\000C\000o\000n\000f\000i\000g\000u\000r\000a\000t\000i\000o\000n\000\040\000m\000u\000l\000t\000i\000-\000t\000e\000n\000a\000n\000t}{section.5}% 47
\BOOKMARK [3][]{subsubsection.5.4.1}{\376\377\0005\000.\0004\000.\0001\000\040\000C\000o\000n\000c\000e\000p\000t\000\040\000d\000e\000\040\000c\000o\000m\000p\000a\000n\000y}{subsection.5.4}% 48
\BOOKMARK [3][]{subsubsection.5.4.2}{\376\377\0005\000.\0004\000.\0002\000\040\000I\000s\000o\000l\000a\000t\000i\000o\000n\000\040\000d\000e\000s\000\040\000d\000o\000n\000n\000\351\000e\000s}{subsection.5.4}% 49
\BOOKMARK [3][]{subsubsection.5.4.3}{\376\377\0005\000.\0004\000.\0003\000\040\000C\000a\000s\000\040\000d\000'\000u\000s\000a\000g\000e\000\040\000f\000i\000d\000u\000c\000i\000a\000i\000r\000e}{subsection.5.4}% 50
\BOOKMARK [1][]{section.6}{\376\377\0006\000\040\000P\000r\000e\000m\000i\000e\000r\000\040\000d\000\351\000m\000a\000r\000r\000a\000g\000e}{}% 51
\BOOKMARK [2][]{subsection.6.1}{\376\377\0006\000.\0001\000\040\000C\000r\000\351\000a\000t\000i\000o\000n\000\040\000d\000u\000\040\000c\000o\000m\000p\000t\000e\000\040\000a\000d\000m\000i\000n\000i\000s\000t\000r\000a\000t\000e\000u\000r\000\040\000i\000n\000i\000t\000i\000a\000l\000\040\000\050\000o\000n\000b\000o\000a\000r\000d\000i\000n\000g\000\040\000s\000e\000l\000f\000-\000s\000e\000r\000v\000i\000c\000e\000\051}{section.6}% 52
\BOOKMARK [3][]{subsubsection.6.1.1}{\376\377\0006\000.\0001\000.\0001\000\040\000P\000r\000o\000c\000\351\000d\000u\000r\000e\000\040\000\050\000n\000o\000u\000v\000e\000a\000u\000\040\000f\000l\000o\000w\000\040\000r\000e\000c\000o\000m\000m\000a\000n\000d\000\351\000\040\000v\0000\000.\0001\000.\0002\000+\000\051}{subsection.6.1}% 53
\BOOKMARK [3][]{subsubsection.6.1.2}{\376\377\0006\000.\0001\000.\0002\000\040\000P\000r\000o\000c\000\351\000d\000u\000r\000e\000\040\000a\000l\000t\000e\000r\000n\000a\000t\000i\000v\000e\000\040\040\024\000\040\000b\000o\000o\000t\000s\000t\000r\000a\000p\000\040\000d\000\351\000c\000l\000a\000r\000a\000t\000i\000f\000\040\000v\000i\000a\000\040\000.\000e\000n\000v}{subsection.6.1}% 54
\BOOKMARK [2][]{subsection.6.2}{\376\377\0006\000.\0002\000\040\000J\000'\000a\000i\000\040\000o\000u\000b\000l\000i\000\351\000\040\000m\000o\000n\000\040\000m\000o\000t\000\040\000d\000e\000\040\000p\000a\000s\000s\000e\000\040\000a\000d\000m\000i\000n\000i\000s\000t\000r\000a\000t\000e\000u\000r\000\040\000\050\000r\000e\000c\000o\000v\000e\000r\000y\000\040\000b\000r\000e\000a\000k\000-\000g\000l\000a\000s\000s\000\051}{section.6}% 55
\BOOKMARK [3][]{subsubsection.6.2.1}{\376\377\0006\000.\0002\000.\0001\000\040\000P\000r\000o\000c\000\351\000d\000u\000r\000e\000\040\000s\000t\000e\000p\000-\000b\000y\000-\000s\000t\000e\000p}{subsection.6.2}% 56
\BOOKMARK [3][]{subsubsection.6.2.2}{\376\377\0006\000.\0002\000.\0002\000\040\000M\000a\000t\000r\000i\000c\000e\000\040\000d\000e\000\040\000c\000o\000m\000p\000o\000r\000t\000e\000m\000e\000n\000t\000\040\000a\000u\000\040\000b\000o\000o\000t\000\040\040\024\000\040\000v\000u\000e\000\040\000d\000'\000e\000n\000s\000e\000m\000b\000l\000e}{subsection.6.2}% 57
\BOOKMARK [2][]{subsection.6.3}{\376\377\0006\000.\0003\000\040\000D\000\351\000p\000l\000o\000i\000e\000m\000e\000n\000t\000\040\000L\000A\000N\000\040\000H\000T\000T\000P\000-\000o\000n\000l\000y\000\040\000\050\000s\000a\000n\000s\000\040\000H\000T\000T\000P\000S\000\051\000\040\040\024\000\040\000v\0000\000.\0001\000.\0003\000+}{section.6}% 58
\BOOKMARK [3][]{subsubsection.6.3.1}{\376\377\0006\000.\0003\000.\0001\000\040\000D\000\351\000c\000i\000s\000i\000o\000n\000\040\000:\000\040\000H\000T\000T\000P\000S\000\040\000o\000u\000\040\000H\000T\000T\000P\000-\000o\000n\000l\000y\000\040\000?}{subsection.6.3}% 59
\BOOKMARK [3][]{subsubsection.6.3.2}{\376\377\0006\000.\0003\000.\0002\000\040\000P\000r\000o\000c\000\351\000d\000u\000r\000e\000\040\000H\000T\000T\000P\000-\000o\000n\000l\000y\000\040\000\050\000K\000E\000S\000H\000\137\000C\000O\000O\000K\000I\000E\000\137\000S\000E\000C\000U\000R\000E\000=\000f\000a\000l\000s\000e\000\051}{subsection.6.3}% 60
\BOOKMARK [3][]{subsubsection.6.3.3}{\376\377\0006\000.\0003\000.\0003\000\040\000V\000a\000l\000e\000u\000r\000s\000\040\000a\000c\000c\000e\000p\000t\000\351\000e\000s\000\040\000e\000t\000\040\000f\000a\000i\000l\000-\000f\000a\000s\000t}{subsection.6.3}% 61
\BOOKMARK [2][]{subsection.6.4}{\376\377\0006\000.\0004\000\040\000C\000o\000n\000f\000i\000g\000u\000r\000a\000t\000i\000o\000n\000\040\000d\000e\000\040\000l\000a\000\040\000c\000o\000m\000p\000a\000n\000y\000\040\000v\000i\000a\000\040\000l\000'\000o\000n\000b\000o\000a\000r\000d\000i\000n\000g}{section.6}% 62
\BOOKMARK [2][]{subsection.6.5}{\376\377\0006\000.\0005\000\040\000C\000h\000o\000i\000x\000\040\000d\000u\000\040\000p\000l\000a\000n\000\040\000c\000o\000m\000p\000t\000a\000b\000l\000e}{section.6}% 63
\BOOKMARK [2][]{subsection.6.6}{\376\377\0006\000.\0006\000\040\000C\000o\000n\000f\000i\000g\000u\000r\000a\000t\000i\000o\000n\000\040\000d\000e\000s\000\040\000e\000x\000e\000r\000c\000i\000c\000e\000s\000\040\000c\000o\000m\000p\000t\000a\000b\000l\000e\000s}{section.6}% 64
\BOOKMARK [2][]{subsection.6.7}{\376\377\0006\000.\0007\000\040\000C\000r\000\351\000a\000t\000i\000o\000n\000\040\000d\000e\000s\000\040\000u\000t\000i\000l\000i\000s\000a\000t\000e\000u\000r\000s\000\040\000e\000t\000\040\000r\000\364\000l\000e\000s}{section.6}% 65
\BOOKMARK [1][]{section.7}{\376\377\0007\000\040\000S\000a\000u\000v\000e\000g\000a\000r\000d\000e\000\040\000e\000t\000\040\000r\000e\000s\000t\000a\000u\000r\000a\000t\000i\000o\000n}{}% 66
\BOOKMARK [2][]{subsection.7.1}{\376\377\0007\000.\0001\000\040\000I\000m\000p\000o\000r\000t\000a\000n\000c\000e\000\040\000d\000e\000\040\000l\000a\000\040\000s\000a\000u\000v\000e\000g\000a\000r\000d\000e}{section.7}% 67
\BOOKMARK [2][]{subsection.7.2}{\376\377\0007\000.\0002\000\040\000S\000t\000r\000a\000t\000\351\000g\000i\000e\000\040\000r\000e\000c\000o\000m\000m\000a\000n\000d\000\351\000e}{section.7}% 68
\BOOKMARK [2][]{subsection.7.3}{\376\377\0007\000.\0003\000\040\000S\000c\000r\000i\000p\000t\000\040\000d\000e\000\040\000s\000a\000u\000v\000e\000g\000a\000r\000d\000e\000\040\000m\000a\000r\000i\000a\000d\000b\000-\000d\000u\000m\000p}{section.7}% 69
\BOOKMARK [2][]{subsection.7.4}{\376\377\0007\000.\0004\000\040\000S\000t\000o\000c\000k\000a\000g\000e\000\040\000o\000f\000f\000s\000i\000t\000e}{section.7}% 70
\BOOKMARK [2][]{subsection.7.5}{\376\377\0007\000.\0005\000\040\000R\000e\000s\000t\000a\000u\000r\000a\000t\000i\000o\000n\000\040\000d\000e\000p\000u\000i\000s\000\040\000s\000a\000u\000v\000e\000g\000a\000r\000d\000e}{section.7}% 71
\BOOKMARK [2][]{subsection.7.6}{\376\377\0007\000.\0006\000\040\000T\000e\000s\000t\000\040\000d\000e\000\040\000r\000e\000s\000t\000a\000u\000r\000a\000t\000i\000o\000n\000\040\000p\000\351\000r\000i\000o\000d\000i\000q\000u\000e\000\040\000\050\000O\000L\000I\000C\000o\000\040\000A\000r\000t\000.\000\040\0001\0000\000\040\000a\000l\000.\000\040\0001\000\051}{section.7}% 72
\BOOKMARK [2][]{subsection.7.7}{\376\377\0007\000.\0007\000\040\000B\000a\000c\000k\000u\000p\000\040\000n\000a\000t\000i\000f\000\040\000s\000u\000r\000\040\000S\000y\000n\000o\000l\000o\000g\000y\000\040\000D\000S\000M\000\040\000\050\000H\000y\000p\000e\000r\000\040\000B\000a\000c\000k\000u\000p\000\040\000+\000\040\000S\000n\000a\000p\000s\000h\000o\000t\000\040\000R\000e\000p\000l\000i\000c\000a\000t\000i\000o\000n\000\051}{section.7}% 73
\BOOKMARK [3][]{subsubsection.7.7.1}{\376\377\0007\000.\0007\000.\0001\000\040\000H\000y\000p\000e\000r\000\040\000B\000a\000c\000k\000u\000p\000\040\040\024\000\040\000b\000a\000c\000k\000u\000p\000\040\000i\000n\000c\000r\000\351\000m\000e\000n\000t\000a\000l\000\040\000+\000\040\000o\000f\000f\000s\000i\000t\000e\000\040\000i\000n\000t\000\351\000g\000r\000\351}{subsection.7.7}% 74
\BOOKMARK [3][]{subsubsection.7.7.2}{\376\377\0007\000.\0007\000.\0002\000\040\000S\000n\000a\000p\000s\000h\000o\000t\000\040\000R\000e\000p\000l\000i\000c\000a\000t\000i\000o\000n\000\040\040\024\000\040\000r\000e\000c\000o\000v\000e\000r\000y\000\040\000i\000n\000s\000t\000a\000n\000t\000a\000n\000\351\000\040\000p\000o\000i\000n\000t\000-\000i\000n\000-\000t\000i\000m\000e}{subsection.7.7}% 75
\BOOKMARK [3][]{subsubsection.7.7.3}{\376\377\0007\000.\0007\000.\0003\000\040\000S\000t\000r\000a\000t\000\351\000g\000i\000e\000\040\0003\000-\0002\000-\0001\000\040\000s\000u\000r\000\040\000D\000S\000M}{subsection.7.7}% 76
\BOOKMARK [1][]{section.8}{\376\377\0008\000\040\000M\000i\000s\000e\000\040\000\340\000\040\000j\000o\000u\000r\000\040\000d\000e\000\040\000K\000e\000s\000h}{}% 77
\BOOKMARK [2][]{subsection.8.1}{\376\377\0008\000.\0001\000\040\000P\000r\000o\000c\000e\000s\000s\000\040\000d\000e\000\040\000r\000e\000l\000e\000a\000s\000e\000\040\000K\000e\000s\000h}{section.8}% 78
\BOOKMARK [2][]{subsection.8.2}{\376\377\0008\000.\0002\000\040\000S\000u\000i\000v\000r\000e\000\040\000l\000e\000s\000\040\000n\000o\000t\000i\000f\000i\000c\000a\000t\000i\000o\000n\000s\000\040\000d\000e\000\040\000r\000e\000l\000e\000a\000s\000e}{section.8}% 79
\BOOKMARK [2][]{subsection.8.3}{\376\377\0008\000.\0003\000\040\000P\000r\000o\000c\000\351\000d\000u\000r\000e\000\040\000d\000e\000\040\000m\000i\000s\000e\000\040\000\340\000\040\000j\000o\000u\000r\000\040\000s\000t\000a\000n\000d\000a\000r\000d}{section.8}% 80
\BOOKMARK [2][]{subsection.8.4}{\376\377\0008\000.\0004\000\040\000M\000i\000s\000e\000\040\000\340\000\040\000j\000o\000u\000r\000\040\000m\000a\000j\000e\000u\000r\000e\000\040\000\050\000c\000h\000a\000n\000g\000e\000m\000e\000n\000t\000\040\000d\000e\000\040\000v\000e\000r\000s\000i\000o\000n\000\040\000X\000\051}{section.8}% 81
\BOOKMARK [2][]{subsection.8.5}{\376\377\0008\000.\0005\000\040\000R\000o\000l\000l\000b\000a\000c\000k\000\040\000e\000n\000\040\000c\000a\000s\000\040\000d\000'\000\351\000c\000h\000e\000c}{section.8}% 82
\BOOKMARK [1][]{section.9}{\376\377\0009\000\040\000S\000\351\000c\000u\000r\000i\000t\000\351}{}% 83
\BOOKMARK [2][]{subsection.9.1}{\376\377\0009\000.\0001\000\040\000H\000T\000T\000P\000S\000\040\000o\000b\000l\000i\000g\000a\000t\000o\000i\000r\000e\000\040\000e\000n\000\040\000p\000r\000o\000d\000u\000c\000t\000i\000o\000n}{section.9}% 84
\BOOKMARK [2][]{subsection.9.2}{\376\377\0009\000.\0002\000\040\000G\000e\000s\000t\000i\000o\000n\000\040\000d\000e\000s\000\040\000s\000e\000c\000r\000e\000t\000s}{section.9}% 85
\BOOKMARK [2][]{subsection.9.3}{\376\377\0009\000.\0003\000\040\000A\000u\000t\000h\000e\000n\000t\000i\000f\000i\000c\000a\000t\000i\000o\000n\000\040\000J\000W\000T\000\040\000+\000\040\000r\000e\000f\000r\000e\000s\000h\000\040\000t\000o\000k\000e\000n\000s}{section.9}% 86
\BOOKMARK [2][]{subsection.9.4}{\376\377\0009\000.\0004\000\040\000R\000B\000A\000C\000\040\000e\000t\000\040\000p\000e\000r\000m\000i\000s\000s\000i\000o\000n\000s}{section.9}% 87
\BOOKMARK [2][]{subsection.9.5}{\376\377\0009\000.\0005\000\040\000A\000u\000d\000i\000t\000-\000t\000r\000a\000i\000l\000\040\000\050\000a\000u\000d\000i\000t\000\137\000l\000o\000g\000\051}{section.9}% 88
\BOOKMARK [2][]{subsection.9.6}{\376\377\0009\000.\0006\000\040\000C\000o\000n\000f\000o\000r\000m\000i\000t\000\351\000\040\000O\000L\000I\000C\000o\000\040\000A\000r\000t\000.\000\040\0009\000\040\040\024\000\040\000i\000n\000t\000\351\000g\000r\000i\000t\000\351\000\040\000d\000e\000s\000\040\000s\000u\000p\000p\000o\000r\000t\000s\000\040\000m\000o\000d\000i\000f\000i\000a\000b\000l\000e\000s}{section.9}% 89
\BOOKMARK [2][]{subsection.9.7}{\376\377\0009\000.\0007\000\040\000S\000\351\000c\000u\000r\000i\000t\000\351\000\040\000r\000\351\000s\000e\000a\000u\000\040\000\050\000f\000i\000r\000e\000w\000a\000l\000l\000\051}{section.9}% 90
\BOOKMARK [2][]{subsection.9.8}{\376\377\0009\000.\0008\000\040\000M\000i\000s\000e\000s\000\040\000\340\000\040\000j\000o\000u\000r\000\040\000d\000e\000\040\000s\000\351\000c\000u\000r\000i\000t\000\351\000\040\000d\000u\000\040\000s\000y\000s\000t\000\350\000m\000e\000\040\000h\000\364\000t\000e}{section.9}% 91
\BOOKMARK [1][]{section.10}{\376\377\0001\0000\000\040\000M\000o\000n\000i\000t\000o\000r\000i\000n\000g\000\040\000e\000t\000\040\000l\000o\000g\000s}{}% 92
\BOOKMARK [2][]{subsection.10.1}{\376\377\0001\0000\000.\0001\000\040\000L\000o\000g\000s\000\040\000a\000p\000p\000l\000i\000c\000a\000t\000i\000f\000s}{section.10}% 93
\BOOKMARK [2][]{subsection.10.2}{\376\377\0001\0000\000.\0002\000\040\000C\000e\000n\000t\000r\000a\000l\000i\000s\000a\000t\000i\000o\000n\000\040\000d\000e\000s\000\040\000l\000o\000g\000s}{section.10}% 94
\BOOKMARK [2][]{subsection.10.3}{\376\377\0001\0000\000.\0003\000\040\000M\000\351\000t\000r\000i\000q\000u\000e\000s\000\040\000P\000r\000o\000m\000e\000t\000h\000e\000u\000s}{section.10}% 95
\BOOKMARK [2][]{subsection.10.4}{\376\377\0001\0000\000.\0004\000\040\000A\000l\000e\000r\000t\000i\000n\000g\000\040\000r\000e\000c\000o\000m\000m\000a\000n\000d\000\351}{section.10}% 96
\BOOKMARK [1][]{section.11}{\376\377\0001\0001\000\040\000C\000o\000n\000f\000o\000r\000m\000i\000t\000\351\000\040\000l\000\351\000g\000a\000l\000e\000\040\000s\000u\000i\000s\000s\000e}{}% 97
\BOOKMARK [2][]{subsection.11.1}{\376\377\0001\0001\000.\0001\000\040\000C\000o\000d\000e\000\040\000d\000e\000s\000\040\000o\000b\000l\000i\000g\000a\000t\000i\000o\000n\000s\000\040\000A\000r\000t\000.\000\040\0009\0005\0007\000a\000\040\040\024\000\040\000T\000e\000n\000u\000e\000\040\000d\000e\000\040\000l\000a\000\040\000c\000o\000m\000p\000t\000a\000b\000i\000l\000i\000t\000\351}{section.11}% 98
\BOOKMARK [2][]{subsection.11.2}{\376\377\0001\0001\000.\0002\000\040\000C\000o\000d\000e\000\040\000d\000e\000s\000\040\000o\000b\000l\000i\000g\000a\000t\000i\000o\000n\000s\000\040\000A\000r\000t\000.\000\040\0009\0005\0008\000f\000\040\040\024\000\040\000C\000o\000n\000s\000e\000r\000v\000a\000t\000i\000o\000n\000\040\0001\0000\000\040\000a\000n\000s}{section.11}% 99
\BOOKMARK [2][]{subsection.11.3}{\376\377\0001\0001\000.\0003\000\040\000O\000r\000d\000o\000n\000n\000a\000n\000c\000e\000\040\000O\000L\000I\000C\000o\000\040\000\050\000R\000S\000\040\0002\0002\0001\000.\0004\0003\0001\000\051}{section.11}% 100
\BOOKMARK [2][]{subsection.11.4}{\376\377\0001\0001\000.\0004\000\040\000L\000S\000C\000S\000E\000\040\000\050\000s\000i\000g\000n\000a\000t\000u\000r\000e\000\040\000\351\000l\000e\000c\000t\000r\000o\000n\000i\000q\000u\000e\000\040\000q\000u\000a\000l\000i\000f\000i\000\351\000e\000\051}{section.11}% 101
\BOOKMARK [2][]{subsection.11.5}{\376\377\0001\0001\000.\0005\000\040\000L\000o\000i\000\040\000s\000u\000r\000\040\000l\000a\000\040\000T\000V\000A\000\040\000\050\000L\000T\000V\000A\000\051}{section.11}% 102
\BOOKMARK [2][]{subsection.11.6}{\376\377\0001\0001\000.\0006\000\040\000D\000o\000c\000u\000m\000e\000n\000t\000a\000t\000i\000o\000n\000\040\000\340\000\040\000c\000o\000n\000s\000e\000r\000v\000e\000r}{section.11}% 103
\BOOKMARK [1][]{section.12}{\376\377\0001\0002\000\040\000D\000\351\000p\000a\000n\000n\000a\000g\000e}{}% 104
\BOOKMARK [2][]{subsection.12.1}{\376\377\0001\0002\000.\0001\000\040\000K\000e\000s\000h\000\040\000n\000e\000\040\000d\000\351\000m\000a\000r\000r\000e\000\040\000p\000a\000s}{section.12}% 105
\BOOKMARK [2][]{subsection.12.2}{\376\377\0001\0002\000.\0002\000\040\000E\000r\000r\000e\000u\000r\000s\000\040\0004\0000\0001\000\040\000e\000n\000\040\000c\000a\000s\000c\000a\000d\000e\000\040\000c\000\364\000t\000\351\000\040\000f\000r\000o\000n\000t\000e\000n\000d}{section.12}% 106
\BOOKMARK [2][]{subsection.12.3}{\376\377\0001\0002\000.\0003\000\040\000P\000e\000r\000f\000o\000r\000m\000a\000n\000c\000e\000\040\000l\000e\000n\000t\000e\000\040\000s\000u\000r\000\040\000d\000e\000\040\000g\000r\000o\000s\000\040\000d\000a\000t\000a\000s\000e\000t\000s}{section.12}% 107
\BOOKMARK [2][]{subsection.12.4}{\376\377\0001\0002\000.\0004\000\040\000R\000e\000s\000e\000t\000\040\000d\000u\000\040\000m\000o\000t\000\040\000d\000e\000\040\000p\000a\000s\000s\000e\000\040\000a\000d\000m\000i\000n\000i\000s\000t\000r\000a\000t\000e\000u\000r}{section.12}% 108
\BOOKMARK [2][]{subsection.12.5}{\376\377\0001\0002\000.\0005\000\040\000D\000o\000n\000n\000\351\000e\000s\000\040\000c\000o\000r\000r\000o\000m\000p\000u\000e\000s\000\040\000d\000\351\000t\000e\000c\000t\000\351\000e\000s}{section.12}% 109
\BOOKMARK [1][]{section.13}{\376\377\0001\0003\000\040\000M\000a\000i\000n\000t\000e\000n\000a\000n\000c\000e}{}% 110
\BOOKMARK [2][]{subsection.13.1}{\376\377\0001\0003\000.\0001\000\040\000R\000o\000t\000a\000t\000i\000o\000n\000\040\000d\000e\000s\000\040\000l\000o\000g\000s}{section.13}% 111
\BOOKMARK [2][]{subsection.13.2}{\376\377\0001\0003\000.\0002\000\040\000M\000a\000i\000n\000t\000e\000n\000a\000n\000c\000e\000\040\000M\000a\000r\000i\000a\000D\000B}{section.13}% 112
\BOOKMARK [2][]{subsection.13.3}{\376\377\0001\0003\000.\0003\000\040\000V\000\351\000r\000i\000f\000i\000c\000a\000t\000i\000o\000n\000\040\000p\000\351\000r\000i\000o\000d\000i\000q\000u\000e\000\040\000d\000e\000\040\000l\000'\000i\000n\000t\000\351\000g\000r\000i\000t\000\351\000\040\000\050\000O\000L\000I\000C\000o\000\040\000A\000r\000t\000.\000\040\0001\0000\000\051}{section.13}% 113
\BOOKMARK [1][]{section.14}{\376\377\0001\0004\000\040\000A\000n\000n\000e\000x\000e\000s}{}% 114
\BOOKMARK [2][]{subsection.14.1}{\376\377\0001\0004\000.\0001\000\040\000L\000i\000s\000t\000e\000\040\000c\000o\000m\000p\000l\000\350\000t\000e\000\040\000d\000e\000s\000\040\000v\000a\000r\000i\000a\000b\000l\000e\000s\000\040\000d\000'\000e\000n\000v\000i\000r\000o\000n\000n\000e\000m\000e\000n\000t}{section.14}% 115
\BOOKMARK [2][]{subsection.14.2}{\376\377\0001\0004\000.\0002\000\040\000C\000o\000m\000m\000a\000n\000d\000e\000s\000\040\000C\000L\000I\000\040\000u\000t\000i\000l\000e\000s}{section.14}% 116
\BOOKMARK [2][]{subsection.14.3}{\376\377\0001\0004\000.\0003\000\040\000R\000\351\000f\000\351\000r\000e\000n\000c\000e\000\040\000d\000e\000s\000\040\000p\000o\000r\000t\000s}{section.14}% 117
\BOOKMARK [2][]{subsection.14.4}{\376\377\0001\0004\000.\0004\000\040\000G\000l\000o\000s\000s\000a\000i\000r\000e}{section.14}% 118
\BOOKMARK [2][]{subsection.14.5}{\376\377\0001\0004\000.\0005\000\040\000L\000i\000e\000n\000s\000\040\000e\000x\000t\000e\000r\000n\000e\000s}{section.14}% 119
\BOOKMARK [2][]{subsection.14.6}{\376\377\0001\0004\000.\0006\000\040\000S\000u\000p\000p\000o\000r\000t\000\040\000e\000t\000\040\000c\000o\000m\000m\000u\000n\000a\000u\000t\000\351}{section.14}% 120
